10.53.200.215 - - [04/Sep/2025:13:45:48 +0000] "POST /prometheus/api/v1/write HTTP/1.1" 204 0 "-" "Prometheus/3.5.0" 27584 0.007 [observability-kps-kube-prometheus-stack-prometheus-9090] [] 10.53.1.192:9090 0 0.007 204 94a0a6e7daf44d21c9cbb0ac16fae22b
2025/09/04 13:45:50 [warn] 8747#8747: *42605665 a client request body is buffered to a temporary file /tmp/nginx/client-body/0000221425, client: 10.53.9.150, server: maconomy-monitoring.mydeltek.com, request: "POST /prometheus/api/v1/write HTTP/1.1", host: "maconomy-monitoring.mydeltek.com"
10.53.9.150 - - [04/Sep/2025:13:45:50 +0000] "POST /prometheus/api/v1/write HTTP/1.1" 204 0 "-" "Prometheus/3.5.0" 12529 0.053 [observability-kps-kube-prometheus-stack-prometheus-9090] [] 10.53.1.192:9090 0 0.053 204 608dd3a01c7299e64cd5d5b12df91e20
2025/09/04 13:45:51 [warn] 8747#8747: *42604059 a client request body is buffered to a temporary file /tmp/nginx/client-body/0000221426, client: 10.53.8.214, server: maconomy-monitoring.mydeltek.com, request: "POST /prometheus/api/v1/write HTTP/1.1", host: "maconomy-monitoring.mydeltek.com"
10.53.8.214 - - [04/Sep/2025:13:45:51 +0000] "POST /prometheus/api/v1/write HTTP/1.1" 204 0 "-" "Prometheus/3.5.0" 44409 0.008 [observability-kps-kube-prometheus-stack-prometheus-9090] [] 10.53.1.192:9090 0 0.007 204 ebcbeed5e40ae26d924d46ec157047e2
2025/09/04 13:45:51 [warn] 8747#8747: *42604059 a client request body is buffered to a temporary file /tmp/nginx/client-body/0000221427, client: 10.53.8.214, server: maconomy-monitoring.mydeltek.com, request: "POST /prometheus/api/v1/write HTTP/1.1", host: "maconomy-monitoring.mydeltek.com"
10.53.8.214 - - [04/Sep/2025:13:45:51 +0000] "POST /prometheus/api/v1/write HTTP/1.1" 204 0 "-" "Prometheus/3.5.0" 27669 0.007 [observability-kps-kube-prometheus-stack-prometheus-9090] [] 10.53.1.192:9090 0 0.007 204 87873fd9dee5f4dd24206045c91f61b5
2025/09/04 13:45:51 [warn] 8747#8747: *42604059 a client request body is buffered to a temporary file /tmp/nginx/client-body/0000221428, client: 10.53.8.214, server: maconomy-monitoring.mydeltek.com, request: "POST /prometheus/api/v1/write HTTP/1.1", host: "maconomy-monitoring.mydeltek.com"
10.53.8.214 - - [04/Sep/2025:13:45:51 +0000] "POST /prometheus/api/v1/write HTTP/1.1" 204 0 "-" "Prometheus/3.5.0" 27232 0.006 [observability-kps-kube-prometheus-stack-prometheus-9090] [] 10.53.1.192:9090 0 0.006 204 e50a1d7ead0401390f2e8110d0272506
10.53.200.215 - - [04/Sep/2025:13:45:53 +0000] "POST /prometheus/api/v1/write HTTP/1.1" 204 0 "-" "Prometheus/3.5.0" 5130 0.002 [observability-kps-kube-prometheus-stack-prometheus-9090] [] 10.53.1.192:9090 0 0.002 204 9d97ce7238bc346c00a09e48f6874668
10.53.8.214 - - [04/Sep/2025:13:45:54 +0000] "POST /prometheus/api/v1/write HTTP/1.1" 204 0 "-" "Prometheus/3.5.0" 6292 0.001 [observability-kps-kube-prometheus-stack-prometheus-9090] [] 10.53.1.192:9090 0 0.000 204 17443d8204974ac6d2c3aaf958ce4b8e
10.53.8.214 - - [04/Sep/2025:13:45:56 +0000] "POST /prometheus/api/v1/write HTTP/1.1" 204 0 "-" "Prometheus/3.5.0" 3302 0.002 [observability-kps-kube-prometheus-stack-prometheus-9090] [] 10.53.1.192:9090 0 0.001 204 2196c6a06c39225253ef8df09547c4ca
2025/09/04 13:46:00 [warn] 8747#8747: *42605665 a client request body is buffered to a temporary file /tmp/nginx/client-body/0000221429, client: 10.53.9.150, server: maconomy-monitoring.mydeltek.com, request: "POST /prometheus/api/v1/write HTTP/1.1", host: "maconomy-monitoring.mydeltek.com"
10.53.9.150 - - [04/Sep/2025:13:46:00 +0000] "POST /prometheus/api/v1/write HTTP/1.1" 204 0 "-" "Prometheus/3.5.0" 43324 0.008 [observability-kps-kube-prometheus-stack-prometheus-9090] [] 10.53.1.192:9090 0 0.006 204 dbb64d674536b53328f76824fdb828cf
2025/09/04 13:46:00 [warn] 8747#8747: *42605665 a client request body is buffered to a temporary file /tmp/nginx/client-body/0000221430, client: 10.53.9.150, server: maconomy-monitoring.mydeltek.com, request: "POST /prometheus/api/v1/write HTTP/1.1", host: "maconomy-monitoring.mydeltek.com"
10.53.9.150 - - [04/Sep/2025:13:46:00 +0000] "POST /prometheus/api/v1/write HTTP/1.1" 204 0 "-" "Prometheus/3.5.0" 27605 0.006 [observability-kps-kube-prometheus-stack-prometheus-9090] [] 10.53.1.192:9090 0 0.006 204 7bb41a30af3f789b0bfd192667300ff3
2025/09/04 13:46:03 [warn] 8747#8747: *42603672 a client request body is buffered to a temporary file /tmp/nginx/client-body/0000221431, client: 10.53.200.215, server: maconomy-monitoring.mydeltek.com, request: "POST /prometheus/api/v1/write HTTP/1.1", host: "maconomy-monitoring.mydeltek.com"
10.53.200.215 - - [04/Sep/2025:13:46:03 +0000] "POST /prometheus/api/v1/write HTTP/1.1" 204 0 "-" "Prometheus/3.5.0" 43206 0.007 [observability-kps-kube-prometheus-stack-prometheus-9090] [] 10.53.1.192:9090 0 0.007 204 3df55c730d5fdec506745f305898b404
2025/09/04 13:46:03 [warn] 8747#8747: *42603672 a client request body is buffered to a temporary file /tmp/nginx/client-body/0000221432, client: 10.53.200.215, server: maconomy-monitoring.mydeltek.com, request: "POST /prometheus/api/v1/write HTTP/1.1", host: "maconomy-monitoring.mydeltek.com"
10.53.200.215 - - [04/Sep/2025:13:46:03 +0000] "POST /prometheus/api/v1/write HTTP/1.1" 204 0 "-" "Prometheus/3.5.0" 27584 0.006 [observability-kps-kube-prometheus-stack-prometheus-9090] [] 10.53.1.192:9090 0 0.006 204 85fa502ff70dc298f3d8ad7698069681
2025/09/04 13:46:05 [warn] 8747#8747: *42605665 a client request body is buffered to a temporary file /tmp/nginx/client-body/0000221433, client: 10.53.9.150, server: maconomy-monitoring.mydeltek.com, request: "POST /prometheus/api/v1/write HTTP/1.1", host: "maconomy-monitoring.mydeltek.com"
10.53.9.150 - - [04/Sep/2025:13:46:05 +0000] "POST /prometheus/api/v1/write HTTP/1.1" 204 0 "-" "Prometheus/3.5.0" 12524 0.047 [observability-kps-kube-prometheus-stack-prometheus-9090] [] 10.53.1.192:9090 0 0.047 204 5fe5442dbd65bb04431ce887668215a1
2025/09/04 13:46:06 [warn] 8747#8747: *42604059 a client request body is buffered to a temporary file /tmp/nginx/client-body/0000221434, client: 10.53.8.214, server: maconomy-monitoring.mydeltek.com, request: "POST /prometheus/api/v1/write HTTP/1.1", host: "maconomy-monitoring.mydeltek.com"
10.53.8.214 - - [04/Sep/2025:13:46:06 +0000] "POST /prometheus/api/v1/write HTTP/1.1" 204 0 "-" "Prometheus/3.5.0" 44411 0.008 [observability-kps-kube-prometheus-stack-prometheus-9090] [] 10.53.1.192:9090 0 0.006 204 479b3df2cde1176fbab4e9713bbecaf9
2025/09/04 13:46:06 [warn] 8747#8747: *42604059 a client request body is buffered to a temporary file /tmp/nginx/client-body/0000221435, client: 10.53.8.214, server: maconomy-monitoring.mydeltek.com, request: "POST /prometheus/api/v1/write HTTP/1.1", host: "maconomy-monitoring.mydeltek.com"
10.53.8.214 - - [04/Sep/2025:13:46:06 +0000] "POST /prometheus/api/v1/write HTTP/1.1" 204 0 "-" "Prometheus/3.5.0" 27669 0.007 [observability-kps-kube-prometheus-stack-prometheus-9090] [] 10.53.1.192:9090 0 0.007 204 3c4ac749c59ee76f1978f839b1814d03
2025/09/04 13:46:06 [warn] 8747#8747: *42604059 a client request body is buffered to a temporary file /tmp/nginx/client-body/0000221436, client: 10.53.8.214, server: maconomy-monitoring.mydeltek.com, request: "POST /prometheus/api/v1/write HTTP/1.1", host: "maconomy-monitoring.mydeltek.com"
10.53.8.214 - - [04/Sep/2025:13:46:06 +0000] "POST /prometheus/api/v1/write HTTP/1.1" 204 0 "-" "Prometheus/3.5.0" 27232 0.007 [observability-kps-kube-prometheus-stack-prometheus-9090] [] 10.53.1.192:9090 0 0.006 204 f62efb92c76055db1cec065febcaced7
10.53.200.215 - - [04/Sep/2025:13:46:08 +0000] "POST /prometheus/api/v1/write HTTP/1.1" 204 0 "-" "Prometheus/3.5.0" 5130 0.002 [observability-kps-kube-prometheus-stack-prometheus-9090] [] 10.53.1.192:9090 0 0.001 204 679cf56dc53eb5144b4171f14dba9374
10.247.64.90 - - [04/Sep/2025:13:46:09 +0000] "GET /grafana/public/img/icons/unicons/times.svg HTTP/1.1" 200 261 "https://maconomy-monitoring.mydeltek.com/grafana/login" "Mozilla/5.0 (Windows NT 10.0; Win64; x64) AppleWebKit/537.36 (KHTML, like Gecko) Chrome/139.0.0.0 Safari/537.36" 700 0.000 [observability-kps-grafana-80] [] 10.53.2.143:3000 261 0.001 200 53fa50f3875e3d08fc9f378cd617af91
10.53.8.214 - - [04/Sep/2025:13:46:11 +0000] "POST /prometheus/api/v1/write HTTP/1.1" 204 0 "-" "Prometheus/3.5.0" 3299 0.001 [observability-kps-kube-prometheus-stack-prometheus-9090] [] 10.53.1.192:9090 0 0.001 204 0026d50235ded10ddc4d025cc7283f8c
10.247.64.90 - - [04/Sep/2025:13:46:11 +0000] "GET /grafana/public/build/7241.844b874b24d537ade4ac.js HTTP/1.1" 200 45597 "https://maconomy-monitoring.mydeltek.com/grafana/" "Mozilla/5.0 (Windows NT 10.0; Win64; x64) AppleWebKit/537.36 (KHTML, like Gecko) Chrome/139.0.0.0 Safari/537.36" 706 0.001 [observability-kps-grafana-80] [] 10.53.2.143:3000 45597 0.000 200 7a2d39d7c732688cbd7d514ce318ba4e
10.247.64.90 - - [04/Sep/2025:13:46:11 +0000] "GET /grafana/public/build/grafana.DashboardPageProxy.a66335f88cd003e4a44f.css HTTP/1.1" 200 3521 "https://maconomy-monitoring.mydeltek.com/grafana/" "Mozilla/5.0 (Windows NT 10.0; Win64; x64) AppleWebKit/537.36 (KHTML, like Gecko) Chrome/139.0.0.0 Safari/537.36" 743 0.000 [observability-kps-grafana-80] [] 10.53.2.143:3000 3521 0.001 200 3de54f086f557e540a84657a3d6a3870
10.247.64.90 - - [04/Sep/2025:13:46:11 +0000] "GET /grafana/api/user/orgs HTTP/1.1" 200 45 "https://maconomy-monitoring.mydeltek.com/grafana/" "Mozilla/5.0 (Windows NT 10.0; Win64; x64) AppleWebKit/537.36 (KHTML, like Gecko) Chrome/139.0.0.0 Safari/537.36" 780 0.054 [observability-kps-grafana-80] [] 10.53.2.143:3000 45 0.054 200 b6b9e73149e8b8ee1d40e12375adf683
10.247.64.90 - - [04/Sep/2025:13:46:11 +0000] "GET /grafana/public/img/icons/unicons/angle-down.svg HTTP/1.1" 200 211 "https://maconomy-monitoring.mydeltek.com/grafana/" "Mozilla/5.0 (Windows NT 10.0; Win64; x64) AppleWebKit/537.36 (KHTML, like Gecko) Chrome/139.0.0.0 Safari/537.36" 700 0.001 [observability-kps-grafana-80] [] 10.53.2.143:3000 211 0.001 200 b4ed6ed4fc2977f6ca4ca3e4ee834553
10.247.64.90 - - [04/Sep/2025:13:46:11 +0000] "GET /grafana/public/img/icons/unicons/search.svg HTTP/1.1" 200 205 "https://maconomy-monitoring.mydeltek.com/grafana/" "Mozilla/5.0 (Windows NT 10.0; Win64; x64) AppleWebKit/537.36 (KHTML, like Gecko) Chrome/139.0.0.0 Safari/537.36" 696 0.000 [observability-kps-grafana-80] [] 10.53.2.143:3000 205 0.001 200 0272f8ea0b2208c42f2c8d0f4e9a4e54
10.247.64.90 - - [04/Sep/2025:13:46:11 +0000] "GET /grafana/avatar/ee6439dd82a6ac885bdae1020b9ffe73 HTTP/1.1" 200 696 "https://maconomy-monitoring.mydeltek.com/grafana/" "Mozilla/5.0 (Windows NT 10.0; Win64; x64) AppleWebKit/537.36 (KHTML, like Gecko) Chrome/139.0.0.0 Safari/537.36" 764 0.213 [observability-kps-grafana-80] [] 10.53.2.143:3000 696 0.213 200 c80540dec826fe510daa6c6a8690cd43
10.247.64.90 - - [04/Sep/2025:13:46:11 +0000] "GET /grafana/public/build/grafanaPlugin.b8636d829b9c2617682f.js HTTP/1.1" 200 9017 "https://maconomy-monitoring.mydeltek.com/grafana/?orgId=1&from=now-6h&to=now&timezone=browser" "Mozilla/5.0 (Windows NT 10.0; Win64; x64) AppleWebKit/537.36 (KHTML, like Gecko) Chrome/139.0.0.0 Safari/537.36" 759 0.001 [observability-kps-grafana-80] [] 10.53.2.143:3000 9017 0.001 200 86254e2d7625b50d5d38644d5ae672fb
10.247.64.90 - - [04/Sep/2025:13:46:12 +0000] "GET /grafana/public/build/dashListPanel.4955c812a32025ade009.js HTTP/1.1" 200 7028 "https://maconomy-monitoring.mydeltek.com/grafana/?orgId=1&from=now-6h&to=now&timezone=browser" "Mozilla/5.0 (Windows NT 10.0; Win64; x64) AppleWebKit/537.36 (KHTML, like Gecko) Chrome/139.0.0.0 Safari/537.36" 759 0.000 [observability-kps-grafana-80] [] 10.53.2.143:3000 7028 0.001 200 cbf1032f20522418f4602d65d31ba5bf
10.247.64.90 - - [04/Sep/2025:13:46:12 +0000] "GET /grafana/api/search?limit=30 HTTP/1.1" 200 9472 "https://maconomy-monitoring.mydeltek.com/grafana/?orgId=1&from=now-6h&to=now&timezone=browser" "Mozilla/5.0 (Windows NT 10.0; Win64; x64) AppleWebKit/537.36 (KHTML, like Gecko) Chrome/139.0.0.0 Safari/537.36" 830 0.079 [observability-kps-grafana-80] [] 10.53.2.143:3000 9458 0.080 200 2af5374e63274bd97b1563d186faa16f
10.53.200.215 - - [04/Sep/2025:13:46:12 +0000] "POST /prometheus/api/v1/write HTTP/1.1" 204 0 "-" "Prometheus/3.5.0" 6455 0.001 [observability-kps-kube-prometheus-stack-prometheus-9090] [] 10.53.1.192:9090 0 0.000 204 a71278f8826bf0ace487aac521ea21b3
2025/09/04 13:46:15 [warn] 8747#8747: *42605665 a client request body is buffered to a temporary file /tmp/nginx/client-body/0000221437, client: 10.53.9.150, server: maconomy-monitoring.mydeltek.com, request: "POST /prometheus/api/v1/write HTTP/1.1", host: "maconomy-monitoring.mydeltek.com"
10.53.9.150 - - [04/Sep/2025:13:46:15 +0000] "POST /prometheus/api/v1/write HTTP/1.1" 204 0 "-" "Prometheus/3.5.0" 43321 0.008 [observability-kps-kube-prometheus-stack-prometheus-9090] [] 10.53.1.192:9090 0 0.006 204 84a9901fb7480f5b49b71692aa3b7fab
2025/09/04 13:46:15 [warn] 8747#8747: *42605665 a client request body is buffered to a temporary file /tmp/nginx/client-body/0000221438, client: 10.53.9.150, server: maconomy-monitoring.mydeltek.com, request: "POST /prometheus/api/v1/write HTTP/1.1", host: "maconomy-monitoring.mydeltek.com"
10.53.9.150 - - [04/Sep/2025:13:46:15 +0000] "POST /prometheus/api/v1/write HTTP/1.1" 204 0 "-" "Prometheus/3.5.0" 27605 0.006 [observability-kps-kube-prometheus-stack-prometheus-9090] [] 10.53.1.192:9090 0 0.006 204 22a16e051f918a17ef2cb7d4e89d2e95
10.53.9.150 - - [04/Sep/2025:13:46:17 +0000] "POST /prometheus/api/v1/write HTTP/1.1" 204 0 "-" "Prometheus/3.5.0" 6350 0.001 [observability-kps-kube-prometheus-stack-prometheus-9090] [] 10.53.1.192:9090 0 0.001 204 2f1e77563c50e9f5d6c08f6a9e471a29
2025/09/04 13:46:18 [warn] 8747#8747: *42603672 a client request body is buffered to a temporary file /tmp/nginx/client-body/0000221439, client: 10.53.200.215, server: maconomy-monitoring.mydeltek.com, request: "POST /prometheus/api/v1/write HTTP/1.1", host: "maconomy-monitoring.mydeltek.com"
10.53.200.215 - - [04/Sep/2025:13:46:18 +0000] "POST /prometheus/api/v1/write HTTP/1.1" 204 0 "-" "Prometheus/3.5.0" 43209 0.008 [observability-kps-kube-prometheus-stack-prometheus-9090] [] 10.53.1.192:9090 0 0.007 204 9257a116813107cafab4bdbb9ccd5dd4
2025/09/04 13:46:18 [warn] 8747#8747: *42603672 a client request body is buffered to a temporary file /tmp/nginx/client-body/0000221440, client: 10.53.200.215, server: maconomy-monitoring.mydeltek.com, request: "POST /prometheus/api/v1/write HTTP/1.1", host: "maconomy-monitoring.mydeltek.com"
10.53.200.215 - - [04/Sep/2025:13:46:18 +0000] "POST /prometheus/api/v1/write HTTP/1.1" 204 0 "-" "Prometheus/3.5.0" 27587 0.006 [observability-kps-kube-prometheus-stack-prometheus-9090] [] 10.53.1.192:9090 0 0.006 204 93a8dde15ad6e20e7b6901496146b261
2025/09/04 13:46:20 [warn] 8747#8747: *42605665 a client request body is buffered to a temporary file /tmp/nginx/client-body/0000221441, client: 10.53.9.150, server: maconomy-monitoring.mydeltek.com, request: "POST /prometheus/api/v1/write HTTP/1.1", host: "maconomy-monitoring.mydeltek.com"
10.53.9.150 - - [04/Sep/2025:13:46:20 +0000] "POST /prometheus/api/v1/write HTTP/1.1" 204 0 "-" "Prometheus/3.5.0" 12525 0.062 [observability-kps-kube-prometheus-stack-prometheus-9090] [] 10.53.1.192:9090 0 0.062 204 19aab693edc4703025859e29d50eb28a
2025/09/04 13:46:21 [warn] 8747#8747: *42604059 a client request body is buffered to a temporary file /tmp/nginx/client-body/0000221442, client: 10.53.8.214, server: maconomy-monitoring.mydeltek.com, request: "POST /prometheus/api/v1/write HTTP/1.1", host: "maconomy-monitoring.mydeltek.com"
10.247.64.90 - - [04/Sep/2025:13:46:21 +0000] "POST /grafana/api/frontend-metrics HTTP/1.1" 200 0 "https://maconomy-monitoring.mydeltek.com/grafana/?orgId=1&from=now-6h&to=now&timezone=browser" "Mozilla/5.0 (Windows NT 10.0; Win64; x64) AppleWebKit/537.36 (KHTML, like Gecko) Chrome/139.0.0.0 Safari/537.36" 1225 0.069 [observability-kps-grafana-80] [] 10.53.2.143:3000 0 0.069 200 897b220ff7c25e5e1e2df55843b8510b
10.53.8.214 - - [04/Sep/2025:13:46:21 +0000] "POST /prometheus/api/v1/write HTTP/1.1" 204 0 "-" "Prometheus/3.5.0" 44426 0.007 [observability-kps-kube-prometheus-stack-prometheus-9090] [] 10.53.1.192:9090 0 0.007 204 5f8a784e51d7f287b0860c240895c775
2025/09/04 13:46:21 [warn] 8747#8747: *42604059 a client request body is buffered to a temporary file /tmp/nginx/client-body/0000221443, client: 10.53.8.214, server: maconomy-monitoring.mydeltek.com, request: "POST /prometheus/api/v1/write HTTP/1.1", host: "maconomy-monitoring.mydeltek.com"
10.53.8.214 - - [04/Sep/2025:13:46:21 +0000] "POST /prometheus/api/v1/write HTTP/1.1" 204 0 "-" "Prometheus/3.5.0" 27669 0.007 [observability-kps-kube-prometheus-stack-prometheus-9090] [] 10.53.1.192:9090 0 0.007 204 f2f79ebcc60b98064be79c58ff4542e8
2025/09/04 13:46:21 [warn] 8747#8747: *42604059 a client request body is buffered to a temporary file /tmp/nginx/client-body/0000221444, client: 10.53.8.214, server: maconomy-monitoring.mydeltek.com, request: "POST /prometheus/api/v1/write HTTP/1.1", host: "maconomy-monitoring.mydeltek.com"
10.53.8.214 - - [04/Sep/2025:13:46:21 +0000] "POST /prometheus/api/v1/write HTTP/1.1" 204 0 "-" "Prometheus/3.5.0" 27232 0.007 [observability-kps-kube-prometheus-stack-prometheus-9090] [] 10.53.1.192:9090 0 0.006 204 29078b797064df22708f95524a2a601c
10.53.200.215 - - [04/Sep/2025:13:46:23 +0000] "POST /prometheus/api/v1/write HTTP/1.1" 204 0 "-" "Prometheus/3.5.0" 5131 0.002 [observability-kps-kube-prometheus-stack-prometheus-9090] [] 10.53.1.192:9090 0 0.002 204 e3337d4aa41d7aab3891fe7fe9592fef
10.53.8.214 - - [04/Sep/2025:13:46:26 +0000] "POST /prometheus/api/v1/write HTTP/1.1" 204 0 "-" "Prometheus/3.5.0" 3300 0.001 [observability-kps-kube-prometheus-stack-prometheus-9090] [] 10.53.1.192:9090 0 0.001 204 139189d2e5fa07ef634b568c6e6325cf
2025/09/04 13:46:30 [warn] 8747#8747: *42605665 a client request body is buffered to a temporary file /tmp/nginx/client-body/0000221445, client: 10.53.9.150, server: maconomy-monitoring.mydeltek.com, request: "POST /prometheus/api/v1/write HTTP/1.1", host: "maconomy-monitoring.mydeltek.com"
10.53.9.150 - - [04/Sep/2025:13:46:30 +0000] "POST /prometheus/api/v1/write HTTP/1.1" 204 0 "-" "Prometheus/3.5.0" 43327 0.008 [observability-kps-kube-prometheus-stack-prometheus-9090] [] 10.53.1.192:9090 0 0.006 204 7e7ce4494efe7d087282d6302d4edf45
2025/09/04 13:46:30 [warn] 8747#8747: *42605665 a client request body is buffered to a temporary file /tmp/nginx/client-body/0000221446, client: 10.53.9.150, server: maconomy-monitoring.mydeltek.com, request: "POST /prometheus/api/v1/write HTTP/1.1", host: "maconomy-monitoring.mydeltek.com"
10.53.9.150 - - [04/Sep/2025:13:46:30 +0000] "POST /prometheus/api/v1/write HTTP/1.1" 204 0 "-" "Prometheus/3.5.0" 27605 0.006 [observability-kps-kube-prometheus-stack-prometheus-9090] [] 10.53.1.192:9090 0 0.006 204 f38a9ab29ed688b045b248c5ba821413
2025/09/04 13:46:33 [warn] 8747#8747: *42603672 a client request body is buffered to a temporary file /tmp/nginx/client-body/0000221447, client: 10.53.200.215, server: maconomy-monitoring.mydeltek.com, request: "POST /prometheus/api/v1/write HTTP/1.1", host: "maconomy-monitoring.mydeltek.com"
10.53.200.215 - - [04/Sep/2025:13:46:33 +0000] "POST /prometheus/api/v1/write HTTP/1.1" 204 0 "-" "Prometheus/3.5.0" 43147 0.007 [observability-kps-kube-prometheus-stack-prometheus-9090] [] 10.53.1.192:9090 0 0.007 204 e454132df105aa4ba04d1976e73e1961
2025/09/04 13:46:33 [warn] 8747#8747: *42603672 a client request body is buffered to a temporary file /tmp/nginx/client-body/0000221448, client: 10.53.200.215, server: maconomy-monitoring.mydeltek.com, request: "POST /prometheus/api/v1/write HTTP/1.1", host: "maconomy-monitoring.mydeltek.com"
10.53.200.215 - - [04/Sep/2025:13:46:33 +0000] "POST /prometheus/api/v1/write HTTP/1.1" 204 0 "-" "Prometheus/3.5.0" 27584 0.007 [observability-kps-kube-prometheus-stack-prometheus-9090] [] 10.53.1.192:9090 0 0.007 204 742062910e5fc0372cd90f2c91ac7edd
2025/09/04 13:46:35 [warn] 8747#8747: *42605665 a client request body is buffered to a temporary file /tmp/nginx/client-body/0000221449, client: 10.53.9.150, server: maconomy-monitoring.mydeltek.com, request: "POST /prometheus/api/v1/write HTTP/1.1", host: "maconomy-monitoring.mydeltek.com"
10.53.9.150 - - [04/Sep/2025:13:46:35 +0000] "POST /prometheus/api/v1/write HTTP/1.1" 204 0 "-" "Prometheus/3.5.0" 12526 0.048 [observability-kps-kube-prometheus-stack-prometheus-9090] [] 10.53.1.192:9090 0 0.049 204 d677f84b672b151fb30ea0cf4dac75aa
10.247.64.90 - - [04/Sep/2025:13:46:36 +0000] "GET /grafana/d/fegamowv3vsaoem/infra-sre-dashboard?orgId=1&from=now-5m&to=now&refresh=5s HTTP/1.1" 200 58959 "-" "Mozilla/5.0 (Windows NT 10.0; Win64; x64) AppleWebKit/537.36 (KHTML, like Gecko) Chrome/139.0.0.0 Safari/537.36" 858 0.160 [observability-kps-grafana-80] [] 10.53.2.143:3000 58916 0.159 200 445beb411a2c8e498c5ce38e38a5d720
2025/09/04 13:46:36 [warn] 8747#8747: *42604059 a client request body is buffered to a temporary file /tmp/nginx/client-body/0000221450, client: 10.53.8.214, server: maconomy-monitoring.mydeltek.com, request: "POST /prometheus/api/v1/write HTTP/1.1", host: "maconomy-monitoring.mydeltek.com"
10.53.8.214 - - [04/Sep/2025:13:46:36 +0000] "POST /prometheus/api/v1/write HTTP/1.1" 204 0 "-" "Prometheus/3.5.0" 44411 0.008 [observability-kps-kube-prometheus-stack-prometheus-9090] [] 10.53.1.192:9090 0 0.006 204 7a78639012b846848eb1888cb4b9f2df
2025/09/04 13:46:36 [warn] 8747#8747: *42604059 a client request body is buffered to a temporary file /tmp/nginx/client-body/0000221451, client: 10.53.8.214, server: maconomy-monitoring.mydeltek.com, request: "POST /prometheus/api/v1/write HTTP/1.1", host: "maconomy-monitoring.mydeltek.com"
10.53.8.214 - - [04/Sep/2025:13:46:36 +0000] "POST /prometheus/api/v1/write HTTP/1.1" 204 0 "-" "Prometheus/3.5.0" 27669 0.007 [observability-kps-kube-prometheus-stack-prometheus-9090] [] 10.53.1.192:9090 0 0.007 204 0d4f54de26c8a3cbc1221248dd723cb0
2025/09/04 13:46:36 [warn] 8747#8747: *42604059 a client request body is buffered to a temporary file /tmp/nginx/client-body/0000221452, client: 10.53.8.214, server: maconomy-monitoring.mydeltek.com, request: "POST /prometheus/api/v1/write HTTP/1.1", host: "maconomy-monitoring.mydeltek.com"
10.53.8.214 - - [04/Sep/2025:13:46:36 +0000] "POST /prometheus/api/v1/write HTTP/1.1" 204 0 "-" "Prometheus/3.5.0" 27232 0.007 [observability-kps-kube-prometheus-stack-prometheus-9090] [] 10.53.1.192:9090 0 0.006 204 aa7a493e0afd42e1464a0b03636b372c
10.247.64.90 - - [04/Sep/2025:13:46:37 +0000] "GET /grafana/api/dashboards/uid/fegamowv3vsaoem HTTP/1.1" 200 34792 "https://maconomy-monitoring.mydeltek.com/grafana/d/fegamowv3vsaoem/infra-sre-dashboard?orgId=1&from=now-5m&to=now&refresh=5s" "Mozilla/5.0 (Windows NT 10.0; Win64; x64) AppleWebKit/537.36 (KHTML, like Gecko) Chrome/139.0.0.0 Safari/537.36" 821 0.181 [observability-kps-grafana-80] [] 10.53.2.143:3000 34730 0.181 200 519576f3318c361abe8afe30f1fbdc50
10.247.64.90 - - [04/Sep/2025:13:46:37 +0000] "GET /grafana/api/folders/bevqiqynxboxsf? HTTP/1.1" 200 385 "https://maconomy-monitoring.mydeltek.com/grafana/d/fegamowv3vsaoem/infra-sre-dashboard?orgId=1&from=now-5m&to=now&refresh=5s" "Mozilla/5.0 (Windows NT 10.0; Win64; x64) AppleWebKit/537.36 (KHTML, like Gecko) Chrome/139.0.0.0 Safari/537.36" 869 0.066 [observability-kps-grafana-80] [] 10.53.2.143:3000 385 0.066 200 a7633fc9279453a94259d4adff2be87c
10.247.64.90 - - [04/Sep/2025:13:46:37 +0000] "GET /grafana/public/build/7445.fd7fc6e7c111fe375d0f.js HTTP/1.1" 200 6384 "https://maconomy-monitoring.mydeltek.com/grafana/d/fegamowv3vsaoem/infra-sre-dashboard?orgId=1&from=now-5m&to=now&refresh=5s&timezone=browser&var-namespace=kube-system&var-pod=kube-proxy-hp862&var-deployment=$__all&var-Filters=" "Mozilla/5.0 (Windows NT 10.0; Win64; x64) AppleWebKit/537.36 (KHTML, like Gecko) Chrome/139.0.0.0 Safari/537.36" 884 0.001 [observability-kps-grafana-80] [] 10.53.2.143:3000 6384 0.000 200 134ae3afc3d475dd349c5c71a020473d
10.247.64.90 - - [04/Sep/2025:13:46:37 +0000] "GET /grafana/public/build/4292.3b97d81e6e4d8bfb839c.js HTTP/1.1" 200 19458 "https://maconomy-monitoring.mydeltek.com/grafana/d/fegamowv3vsaoem/infra-sre-dashboard?orgId=1&from=now-5m&to=now&refresh=5s&timezone=browser&var-namespace=kube-system&var-pod=kube-proxy-hp862&var-deployment=$__all&var-Filters=" "Mozilla/5.0 (Windows NT 10.0; Win64; x64) AppleWebKit/537.36 (KHTML, like Gecko) Chrome/139.0.0.0 Safari/537.36" 884 0.001 [observability-kps-grafana-80] [] 10.53.2.143:3000 19458 0.000 200 6af3791a0c3a8fe553b761ad1adf519d
10.247.64.90 - - [04/Sep/2025:13:46:37 +0000] "GET /grafana/public/build/grafana.prometheusPlugin.c72ea7615dee70490888.css HTTP/1.1" 200 347 "https://maconomy-monitoring.mydeltek.com/grafana/d/fegamowv3vsaoem/infra-sre-dashboard?orgId=1&from=now-5m&to=now&refresh=5s&timezone=browser&var-namespace=kube-system&var-pod=kube-proxy-hp862&var-deployment=$__all&var-Filters=" "Mozilla/5.0 (Windows NT 10.0; Win64; x64) AppleWebKit/537.36 (KHTML, like Gecko) Chrome/139.0.0.0 Safari/537.36" 919 0.000 [observability-kps-grafana-80] [] 10.53.2.143:3000 347 0.001 200 fdb65f15f09b5dabf6469629fb868a7f
10.247.64.90 - - [04/Sep/2025:13:46:37 +0000] "GET /grafana/public/img/icons/unicons/clock-nine.svg HTTP/1.1" 200 309 "https://maconomy-monitoring.mydeltek.com/grafana/d/fegamowv3vsaoem/infra-sre-dashboard?orgId=1&from=now-5m&to=now&refresh=5s&timezone=browser&var-namespace=kube-system&var-pod=kube-proxy-hp862&var-deployment=$__all&var-Filters=" "Mozilla/5.0 (Windows NT 10.0; Win64; x64) AppleWebKit/537.36 (KHTML, like Gecko) Chrome/139.0.0.0 Safari/537.36" 878 0.001 [observability-kps-grafana-80] [] 10.53.2.143:3000 309 0.000 200 36df93d2334ab846faf38c31ddb75ae7
10.247.64.90 - - [04/Sep/2025:13:46:37 +0000] "GET /grafana/api/prometheus/grafana/api/v1/rules?dashboard_uid=fegamowv3vsaoem HTTP/1.1" 200 41 "https://maconomy-monitoring.mydeltek.com/grafana/d/fegamowv3vsaoem/infra-sre-dashboard?orgId=1&from=now-5m&to=now&refresh=5s&timezone=browser&var-namespace=kube-system&var-pod=kube-proxy-hp862&var-deployment=$__all&var-Filters=" "Mozilla/5.0 (Windows NT 10.0; Win64; x64) AppleWebKit/537.36 (KHTML, like Gecko) Chrome/139.0.0.0 Safari/537.36" 1010 0.048 [observability-kps-grafana-80] [] 10.53.2.143:3000 41 0.048 200 f4d78ea28bceb47009b7150ffe7a3180
10.247.64.90 - - [04/Sep/2025:13:46:37 +0000] "GET /grafana/public/build/prometheusPlugin.581d56d94acfc77b158b.js HTTP/1.1" 200 111 "https://maconomy-monitoring.mydeltek.com/grafana/d/fegamowv3vsaoem/infra-sre-dashboard?orgId=1&from=now-5m&to=now&refresh=5s&timezone=browser&var-namespace=kube-system&var-pod=kube-proxy-hp862&var-deployment=$__all&var-Filters=" "Mozilla/5.0 (Windows NT 10.0; Win64; x64) AppleWebKit/537.36 (KHTML, like Gecko) Chrome/139.0.0.0 Safari/537.36" 896 0.001 [observability-kps-grafana-80] [] 10.53.2.143:3000 111 0.000 200 890230fda864b9373c609f3b3a5ec614
10.247.64.90 - - [04/Sep/2025:13:46:37 +0000] "GET /grafana/public/build/tablePanel.22a39ba443b4ca68358f.js HTTP/1.1" 200 15960 "https://maconomy-monitoring.mydeltek.com/grafana/d/fegamowv3vsaoem/infra-sre-dashboard?orgId=1&from=now-5m&to=now&refresh=5s&timezone=browser&var-namespace=kube-system&var-pod=kube-proxy-hp862&var-deployment=$__all&var-Filters=" "Mozilla/5.0 (Windows NT 10.0; Win64; x64) AppleWebKit/537.36 (KHTML, like Gecko) Chrome/139.0.0.0 Safari/537.36" 890 0.001 [observability-kps-grafana-80] [] 10.53.2.143:3000 15960 0.000 200 d724b0832f76c5e3220787812358645b
10.247.64.90 - - [04/Sep/2025:13:46:38 +0000] "GET /grafana/api/datasources/uid/prometheus/resources/api/v1/label/deployment/values?match%5B%5D=kube_deployment_metadata_generation%7Bnamespace%3D~%22kube-system%22%7D&start=1756993298&end=1756993598 HTTP/1.1" 200 127 "https://maconomy-monitoring.mydeltek.com/grafana/d/fegamowv3vsaoem/infra-sre-dashboard?orgId=1&from=now-5m&to=now&refresh=5s&timezone=browser&var-namespace=kube-system&var-pod=kube-proxy-hp862&var-deployment=$__all&var-Filters=" "Mozilla/5.0 (Windows NT 10.0; Win64; x64) AppleWebKit/537.36 (KHTML, like Gecko) Chrome/139.0.0.0 Safari/537.36" 1132 0.057 [observability-kps-grafana-80] [] 10.53.2.143:3000 127 0.056 200 ef81488362a505f80a2b373a9e389dbb
10.53.200.215 - - [04/Sep/2025:13:46:38 +0000] "POST /prometheus/api/v1/write HTTP/1.1" 204 0 "-" "Prometheus/3.5.0" 5128 0.002 [observability-kps-kube-prometheus-stack-prometheus-9090] [] 10.53.1.192:9090 0 0.002 204 5d1af996f7c01e8f396e696efd3d6109
10.53.8.214 - - [04/Sep/2025:13:46:41 +0000] "POST /prometheus/api/v1/write HTTP/1.1" 204 0 "-" "Prometheus/3.5.0" 3302 0.001 [observability-kps-kube-prometheus-stack-prometheus-9090] [] 10.53.1.192:9090 0 0.001 204 d83eed8d50289ba32485c57deeac327d
10.247.64.90 - - [04/Sep/2025:13:46:42 +0000] "GET /grafana/api/annotations?from=1756993302224&to=1756993602224&limit=100&matchAny=false&dashboardUID=fegamowv3vsaoem HTTP/1.1" 200 2 "https://maconomy-monitoring.mydeltek.com/grafana/d/fegamowv3vsaoem/infra-sre-dashboard?orgId=1&from=now-5m&to=now&refresh=5s&timezone=browser&var-namespace=kube-system&var-pod=aws-load-balancer-controller-7bfbfbfbfc-4mfxc&var-deployment=$__all&var-Filters=" "Mozilla/5.0 (Windows NT 10.0; Win64; x64) AppleWebKit/537.36 (KHTML, like Gecko) Chrome/139.0.0.0 Safari/537.36" 1079 0.166 [observability-kps-grafana-80] [] 10.53.2.143:3000 2 0.165 200 c5bf0fc2ce39fcbd47c6a1dd9a1947f8
2025/09/04 13:46:45 [warn] 8747#8747: *42605665 a client request body is buffered to a temporary file /tmp/nginx/client-body/0000221453, client: 10.53.9.150, server: maconomy-monitoring.mydeltek.com, request: "POST /prometheus/api/v1/write HTTP/1.1", host: "maconomy-monitoring.mydeltek.com"
10.53.9.150 - - [04/Sep/2025:13:46:45 +0000] "POST /prometheus/api/v1/write HTTP/1.1" 204 0 "-" "Prometheus/3.5.0" 43305 0.007 [observability-kps-kube-prometheus-stack-prometheus-9090] [] 10.53.1.192:9090 0 0.007 204 5d521cc9a6c7294a9e02cbcafdc7f7a3
2025/09/04 13:46:45 [warn] 8747#8747: *42605665 a client request body is buffered to a temporary file /tmp/nginx/client-body/0000221454, client: 10.53.9.150, server: maconomy-monitoring.mydeltek.com, request: "POST /prometheus/api/v1/write HTTP/1.1", host: "maconomy-monitoring.mydeltek.com"
10.53.9.150 - - [04/Sep/2025:13:46:45 +0000] "POST /prometheus/api/v1/write HTTP/1.1" 204 0 "-" "Prometheus/3.5.0" 27605 0.006 [observability-kps-kube-prometheus-stack-prometheus-9090] [] 10.53.1.192:9090 0 0.006 204 334f839057291ba0e54d4f8fe5348450
10.247.64.90 - - [04/Sep/2025:13:46:47 +0000] "POST /grafana/api/ds/query?ds_type=prometheus&requestId=SQR108 HTTP/1.1" 200 2754 "https://maconomy-monitoring.mydeltek.com/grafana/d/fegamowv3vsaoem/infra-sre-dashboard?orgId=1&from=now-5m&to=now&refresh=5s&timezone=browser&var-namespace=kube-system&var-pod=aws-load-balancer-controller-7bfbfbfbfc-4mfxc&var-deployment=$__all&var-Filters=" "Mozilla/5.0 (Windows NT 10.0; Win64; x64) AppleWebKit/537.36 (KHTML, like Gecko) Chrome/139.0.0.0 Safari/537.36" 1773 0.065 [observability-kps-grafana-80] [] 10.53.2.143:3000 2761 0.066 200 6ae4550516b3740781827676a08ab891
2025/09/04 13:46:48 [warn] 8747#8747: *42603672 a client request body is buffered to a temporary file /tmp/nginx/client-body/0000221455, client: 10.53.200.215, server: maconomy-monitoring.mydeltek.com, request: "POST /prometheus/api/v1/write HTTP/1.1", host: "maconomy-monitoring.mydeltek.com"
10.53.200.215 - - [04/Sep/2025:13:46:48 +0000] "POST /prometheus/api/v1/write HTTP/1.1" 204 0 "-" "Prometheus/3.5.0" 43187 0.008 [observability-kps-kube-prometheus-stack-prometheus-9090] [] 10.53.1.192:9090 0 0.006 204 ee2b6c823b5a6b1ab78cb87f5431ed7a
2025/09/04 13:46:48 [warn] 8747#8747: *42603672 a client request body is buffered to a temporary file /tmp/nginx/client-body/0000221456, client: 10.53.200.215, server: maconomy-monitoring.mydeltek.com, request: "POST /prometheus/api/v1/write HTTP/1.1", host: "maconomy-monitoring.mydeltek.com"
10.53.200.215 - - [04/Sep/2025:13:46:48 +0000] "POST /prometheus/api/v1/write HTTP/1.1" 204 0 "-" "Prometheus/3.5.0" 27584 0.006 [observability-kps-kube-prometheus-stack-prometheus-9090] [] 10.53.1.192:9090 0 0.006 204 e775c5786edb8447cb2044b50ea534c2
2025/09/04 13:46:50 [warn] 8747#8747: *42605665 a client request body is buffered to a temporary file /tmp/nginx/client-body/0000221457, client: 10.53.9.150, server: maconomy-monitoring.mydeltek.com, request: "POST /prometheus/api/v1/write HTTP/1.1", host: "maconomy-monitoring.mydeltek.com"
10.53.9.150 - - [04/Sep/2025:13:46:50 +0000] "POST /prometheus/api/v1/write HTTP/1.1" 204 0 "-" "Prometheus/3.5.0" 12526 0.057 [observability-kps-kube-prometheus-stack-prometheus-9090] [] 10.53.1.192:9090 0 0.057 204 c85f8362e754c46261500d5b99fa6da6
2025/09/04 13:46:51 [warn] 8747#8747: *42604059 a client request body is buffered to a temporary file /tmp/nginx/client-body/0000221458, client: 10.53.8.214, server: maconomy-monitoring.mydeltek.com, request: "POST /prometheus/api/v1/write HTTP/1.1", host: "maconomy-monitoring.mydeltek.com"
10.53.8.214 - - [04/Sep/2025:13:46:51 +0000] "POST /prometheus/api/v1/write HTTP/1.1" 204 0 "-" "Prometheus/3.5.0" 44407 0.007 [observability-kps-kube-prometheus-stack-prometheus-9090] [] 10.53.1.192:9090 0 0.007 204 1c7a33a46f049c213492b5977d2731ef
2025/09/04 13:46:51 [warn] 8747#8747: *42604059 a client request body is buffered to a temporary file /tmp/nginx/client-body/0000221459, client: 10.53.8.214, server: maconomy-monitoring.mydeltek.com, request: "POST /prometheus/api/v1/write HTTP/1.1", host: "maconomy-monitoring.mydeltek.com"
10.53.8.214 - - [04/Sep/2025:13:46:51 +0000] "POST /prometheus/api/v1/write HTTP/1.1" 204 0 "-" "Prometheus/3.5.0" 27669 0.007 [observability-kps-kube-prometheus-stack-prometheus-9090] [] 10.53.1.192:9090 0 0.006 204 1baa37570fb3253c487550146ec279a0
2025/09/04 13:46:51 [warn] 8747#8747: *42604059 a client request body is buffered to a temporary file /tmp/nginx/client-body/0000221460, client: 10.53.8.214, server: maconomy-monitoring.mydeltek.com, request: "POST /prometheus/api/v1/write HTTP/1.1", host: "maconomy-monitoring.mydeltek.com"
10.53.8.214 - - [04/Sep/2025:13:46:51 +0000] "POST /prometheus/api/v1/write HTTP/1.1" 204 0 "-" "Prometheus/3.5.0" 27232 0.007 [observability-kps-kube-prometheus-stack-prometheus-9090] [] 10.53.1.192:9090 0 0.006 204 f7573441f9f0125bb0792bade507d70d
10.247.64.90 - - [04/Sep/2025:13:46:52 +0000] "GET /grafana/public/build/9527.8bc04014db2a848cb60c.js HTTP/1.1" 200 16097 "https://maconomy-monitoring.mydeltek.com/grafana/d/fegamowv3vsaoem/infra-sre-dashboard?orgId=1&from=now-5m&to=now&refresh=5s&timezone=browser&var-namespace=kube-system&var-pod=aws-load-balancer-controller-7bfbfbfbfc-4mfxc&var-deployment=$__all&var-Filters=" "Mozilla/5.0 (Windows NT 10.0; Win64; x64) AppleWebKit/537.36 (KHTML, like Gecko) Chrome/139.0.0.0 Safari/537.36" 913 0.001 [observability-kps-grafana-80] [] 10.53.2.143:3000 16097 0.000 200 80a9dfaa9eb3ae8774d8599dedf6ff12
10.247.64.90 - - [04/Sep/2025:13:46:52 +0000] "GET /grafana/public/build/timeseriesPanel.e245d798f85c98851f46.js HTTP/1.1" 200 14204 "https://maconomy-monitoring.mydeltek.com/grafana/d/fegamowv3vsaoem/infra-sre-dashboard?orgId=1&from=now-5m&to=now&refresh=5s&timezone=browser&var-namespace=kube-system&var-pod=aws-load-balancer-controller-7bfbfbfbfc-4mfxc&var-deployment=$__all&var-Filters=" "Mozilla/5.0 (Windows NT 10.0; Win64; x64) AppleWebKit/537.36 (KHTML, like Gecko) Chrome/139.0.0.0 Safari/537.36" 924 0.001 [observability-kps-grafana-80] [] 10.53.2.143:3000 14204 0.000 200 86e0f08412dddf9d963caa254bb23b86
10.247.64.90 - - [04/Sep/2025:13:46:52 +0000] "POST /grafana/api/ds/query?ds_type=prometheus&requestId=SQR113 HTTP/1.1" 200 7904 "https://maconomy-monitoring.mydeltek.com/grafana/d/fegamowv3vsaoem/infra-sre-dashboard?orgId=1&from=now-5m&to=now&refresh=5s&timezone=browser&var-namespace=kube-system&var-pod=aws-load-balancer-controller-7bfbfbfbfc-4mfxc&var-deployment=$__all&var-Filters=" "Mozilla/5.0 (Windows NT 10.0; Win64; x64) AppleWebKit/537.36 (KHTML, like Gecko) Chrome/139.0.0.0 Safari/537.36" 1677 0.080 [observability-kps-grafana-80] [] 10.53.2.143:3000 7918 0.079 200 e107101598624a941145f11f495b2ba3
10.247.64.90 - - [04/Sep/2025:13:46:52 +0000] "POST /grafana/api/ds/query?ds_type=prometheus&requestId=SQR112 HTTP/1.1" 200 2754 "https://maconomy-monitoring.mydeltek.com/grafana/d/fegamowv3vsaoem/infra-sre-dashboard?orgId=1&from=now-5m&to=now&refresh=5s&timezone=browser&var-namespace=kube-system&var-pod=aws-load-balancer-controller-7bfbfbfbfc-4mfxc&var-deployment=$__all&var-Filters=" "Mozilla/5.0 (Windows NT 10.0; Win64; x64) AppleWebKit/537.36 (KHTML, like Gecko) Chrome/139.0.0.0 Safari/537.36" 1773 0.093 [observability-kps-grafana-80] [] 10.53.2.143:3000 2761 0.093 200 e83e14c3200b1c5eca07904b871a5f19
10.247.64.90 - - [04/Sep/2025:13:46:52 +0000] "POST /grafana/api/ds/query?ds_type=prometheus&requestId=SQR114 HTTP/1.1" 200 7904 "https://maconomy-monitoring.mydeltek.com/grafana/d/fegamowv3vsaoem/infra-sre-dashboard?orgId=1&from=now-5m&to=now&refresh=5s&timezone=browser&var-namespace=kube-system&var-pod=aws-load-balancer-controller-7bfbfbfbfc-4mfxc&var-deployment=$__all&var-Filters=" "Mozilla/5.0 (Windows NT 10.0; Win64; x64) AppleWebKit/537.36 (KHTML, like Gecko) Chrome/139.0.0.0 Safari/537.36" 1775 0.037 [observability-kps-grafana-80] [] 10.53.2.143:3000 7918 0.037 200 6b58bd120f60120486ebe059bc9e036a
10.247.64.90 - - [04/Sep/2025:13:46:53 +0000] "POST /grafana/api/ds/query?ds_type=prometheus&requestId=SQR115 HTTP/1.1" 200 12843 "https://maconomy-monitoring.mydeltek.com/grafana/d/fegamowv3vsaoem/infra-sre-dashboard?orgId=1&from=now-5m&to=now&refresh=5s&timezone=browser&var-namespace=kube-system&var-pod=aws-load-balancer-controller-7bfbfbfbfc-4mfxc&var-deployment=$__all&var-Filters=" "Mozilla/5.0 (Windows NT 10.0; Win64; x64) AppleWebKit/537.36 (KHTML, like Gecko) Chrome/139.0.0.0 Safari/537.36" 1718 0.033 [observability-kps-grafana-80] [] 10.53.2.143:3000 12864 0.033 200 cd07386a3db61c46de6356c693705ad5
10.247.64.90 - - [04/Sep/2025:13:46:53 +0000] "POST /grafana/api/ds/query?ds_type=prometheus&requestId=SQR119 HTTP/1.1" 200 390 "https://maconomy-monitoring.mydeltek.com/grafana/d/fegamowv3vsaoem/infra-sre-dashboard?orgId=1&from=now-5m&to=now&refresh=5s&timezone=browser&var-namespace=kube-system&var-pod=aws-load-balancer-controller-7bfbfbfbfc-4mfxc&var-deployment=$__all&var-Filters=" "Mozilla/5.0 (Windows NT 10.0; Win64; x64) AppleWebKit/537.36 (KHTML, like Gecko) Chrome/139.0.0.0 Safari/537.36" 1910 0.081 [observability-kps-grafana-80] [] 10.53.2.143:3000 390 0.081 200 e94fd7d6c622887274570406dced48ec
10.247.64.90 - - [04/Sep/2025:13:46:53 +0000] "POST /grafana/api/ds/query?ds_type=prometheus&requestId=SQR120 HTTP/1.1" 200 382 "https://maconomy-monitoring.mydeltek.com/grafana/d/fegamowv3vsaoem/infra-sre-dashboard?orgId=1&from=now-5m&to=now&refresh=5s&timezone=browser&var-namespace=kube-system&var-pod=aws-load-balancer-controller-7bfbfbfbfc-4mfxc&var-deployment=$__all&var-Filters=" "Mozilla/5.0 (Windows NT 10.0; Win64; x64) AppleWebKit/537.36 (KHTML, like Gecko) Chrome/139.0.0.0 Safari/537.36" 1902 0.047 [observability-kps-grafana-80] [] 10.53.2.143:3000 382 0.046 200 a84277e3bb9463167c0ff2d9fa0b59a8
10.53.200.215 - - [04/Sep/2025:13:46:53 +0000] "POST /prometheus/api/v1/write HTTP/1.1" 204 0 "-" "Prometheus/3.5.0" 5130 0.002 [observability-kps-kube-prometheus-stack-prometheus-9090] [] 10.53.1.192:9090 0 0.002 204 a4079533e26729057d885b7b530bccd7
10.53.8.214 - - [04/Sep/2025:13:46:54 +0000] "POST /prometheus/api/v1/write HTTP/1.1" 204 0 "-" "Prometheus/3.5.0" 6333 0.000 [observability-kps-kube-prometheus-stack-prometheus-9090] [] 10.53.1.192:9090 0 0.001 204 95f3a88681e38b3df6221ede659ccf59
10.53.8.214 - - [04/Sep/2025:13:46:56 +0000] "POST /prometheus/api/v1/write HTTP/1.1" 204 0 "-" "Prometheus/3.5.0" 3302 0.001 [observability-kps-kube-prometheus-stack-prometheus-9090] [] 10.53.1.192:9090 0 0.002 204 d8c5357e989f0e871e406e30979e1137
10.247.64.90 - - [04/Sep/2025:13:46:57 +0000] "POST /grafana/api/ds/query?ds_type=prometheus&requestId=SQR123 HTTP/1.1" 200 74499 "https://maconomy-monitoring.mydeltek.com/grafana/d/fegamowv3vsaoem/infra-sre-dashboard?orgId=1&from=now-5m&to=now&refresh=5s&timezone=browser&var-namespace=kube-system&var-pod=aws-load-balancer-controller-7bfbfbfbfc-4mfxc&var-deployment=$__all&var-Filters=" "Mozilla/5.0 (Windows NT 10.0; Win64; x64) AppleWebKit/537.36 (KHTML, like Gecko) Chrome/139.0.0.0 Safari/537.36" 4817 0.065 [observability-kps-grafana-80] [] 10.53.2.143:3000 74625 0.066 200 44f3d10f86b802d864697661e4b317ed
10.247.64.90 - - [04/Sep/2025:13:46:57 +0000] "POST /grafana/api/ds/query?ds_type=prometheus&requestId=SQR125 HTTP/1.1" 200 7904 "https://maconomy-monitoring.mydeltek.com/grafana/d/fegamowv3vsaoem/infra-sre-dashboard?orgId=1&from=now-5m&to=now&refresh=5s&timezone=browser&var-namespace=kube-system&var-pod=aws-load-balancer-controller-7bfbfbfbfc-4mfxc&var-deployment=$__all&var-Filters=" "Mozilla/5.0 (Windows NT 10.0; Win64; x64) AppleWebKit/537.36 (KHTML, like Gecko) Chrome/139.0.0.0 Safari/537.36" 1677 0.065 [observability-kps-grafana-80] [] 10.53.2.143:3000 7918 0.065 200 fe08b90aaebdf1cc845ad4c445c670c8
10.247.64.90 - - [04/Sep/2025:13:46:57 +0000] "POST /grafana/api/ds/query?ds_type=prometheus&requestId=SQR127 HTTP/1.1" 200 12843 "https://maconomy-monitoring.mydeltek.com/grafana/d/fegamowv3vsaoem/infra-sre-dashboard?orgId=1&from=now-5m&to=now&refresh=5s&timezone=browser&var-namespace=kube-system&var-pod=aws-load-balancer-controller-7bfbfbfbfc-4mfxc&var-deployment=$__all&var-Filters=" "Mozilla/5.0 (Windows NT 10.0; Win64; x64) AppleWebKit/537.36 (KHTML, like Gecko) Chrome/139.0.0.0 Safari/537.36" 1718 0.086 [observability-kps-grafana-80] [] 10.53.2.143:3000 12864 0.086 200 6ea69eb8e33dbf3cb1864bd1aed9f6e4
10.247.64.90 - - [04/Sep/2025:13:46:58 +0000] "POST /grafana/api/ds/query?ds_type=prometheus&requestId=SQR132 HTTP/1.1" 200 382 "https://maconomy-monitoring.mydeltek.com/grafana/d/fegamowv3vsaoem/infra-sre-dashboard?orgId=1&from=now-5m&to=now&refresh=5s&timezone=browser&var-namespace=kube-system&var-pod=aws-load-balancer-controller-7bfbfbfbfc-4mfxc&var-deployment=$__all&var-Filters=" "Mozilla/5.0 (Windows NT 10.0; Win64; x64) AppleWebKit/537.36 (KHTML, like Gecko) Chrome/139.0.0.0 Safari/537.36" 1902 0.030 [observability-kps-grafana-80] [] 10.53.2.143:3000 382 0.030 200 21a15f34163c7415cd19cd08511bacdd
10.247.64.90 - - [04/Sep/2025:13:46:58 +0000] "POST /grafana/api/ds/query?ds_type=prometheus&requestId=SQR133 HTTP/1.1" 200 384 "https://maconomy-monitoring.mydeltek.com/grafana/d/fegamowv3vsaoem/infra-sre-dashboard?orgId=1&from=now-5m&to=now&refresh=5s&timezone=browser&var-namespace=kube-system&var-pod=aws-load-balancer-controller-7bfbfbfbfc-4mfxc&var-deployment=$__all&var-Filters=" "Mozilla/5.0 (Windows NT 10.0; Win64; x64) AppleWebKit/537.36 (KHTML, like Gecko) Chrome/139.0.0.0 Safari/537.36" 1904 0.056 [observability-kps-grafana-80] [] 10.53.2.143:3000 384 0.055 200 0d342b54bd3131b389310cee0a6597a3
2025/09/04 13:47:00 [warn] 8747#8747: *42605665 a client request body is buffered to a temporary file /tmp/nginx/client-body/0000221461, client: 10.53.9.150, server: maconomy-monitoring.mydeltek.com, request: "POST /prometheus/api/v1/write HTTP/1.1", host: "maconomy-monitoring.mydeltek.com"
10.53.9.150 - - [04/Sep/2025:13:47:00 +0000] "POST /prometheus/api/v1/write HTTP/1.1" 204 0 "-" "Prometheus/3.5.0" 43309 0.008 [observability-kps-kube-prometheus-stack-prometheus-9090] [] 10.53.1.192:9090 0 0.007 204 8a679c44b54f48786ec84ababea69b3c
2025/09/04 13:47:00 [warn] 8747#8747: *42605665 a client request body is buffered to a temporary file /tmp/nginx/client-body/0000221462, client: 10.53.9.150, server: maconomy-monitoring.mydeltek.com, request: "POST /prometheus/api/v1/write HTTP/1.1", host: "maconomy-monitoring.mydeltek.com"
10.53.9.150 - - [04/Sep/2025:13:47:00 +0000] "POST /prometheus/api/v1/write HTTP/1.1" 204 0 "-" "Prometheus/3.5.0" 27609 0.007 [observability-kps-kube-prometheus-stack-prometheus-9090] [] 10.53.1.192:9090 0 0.007 204 6faa4fa0a5aa6d11bf5aa270a9bdb516
10.247.64.90 - - [04/Sep/2025:13:47:02 +0000] "POST /grafana/api/ds/query?ds_type=prometheus&requestId=SQR134 HTTP/1.1" 200 58983 "https://maconomy-monitoring.mydeltek.com/grafana/d/fegamowv3vsaoem/infra-sre-dashboard?orgId=1&from=now-5m&to=now&refresh=5s&timezone=browser&var-namespace=kube-system&var-pod=aws-load-balancer-controller-7bfbfbfbfc-4mfxc&var-deployment=$__all&var-Filters=" "Mozilla/5.0 (Windows NT 10.0; Win64; x64) AppleWebKit/537.36 (KHTML, like Gecko) Chrome/139.0.0.0 Safari/537.36" 1767 0.072 [observability-kps-grafana-80] [] 10.53.2.143:3000 59081 0.073 200 e2f939ce0d32831e7b12cec00e5b7e98
10.247.64.90 - - [04/Sep/2025:13:47:02 +0000] "POST /grafana/api/ds/query?ds_type=prometheus&requestId=SQR136 HTTP/1.1" 200 2754 "https://maconomy-monitoring.mydeltek.com/grafana/d/fegamowv3vsaoem/infra-sre-dashboard?orgId=1&from=now-5m&to=now&refresh=5s&timezone=browser&var-namespace=kube-system&var-pod=aws-load-balancer-controller-7bfbfbfbfc-4mfxc&var-deployment=$__all&var-Filters=" "Mozilla/5.0 (Windows NT 10.0; Win64; x64) AppleWebKit/537.36 (KHTML, like Gecko) Chrome/139.0.0.0 Safari/537.36" 1773 0.079 [observability-kps-grafana-80] [] 10.53.2.143:3000 2761 0.079 200 50e6f49487d7a804e35a4a88aad0d206
10.247.64.90 - - [04/Sep/2025:13:47:02 +0000] "POST /grafana/api/ds/query?ds_type=prometheus&requestId=SQR139 HTTP/1.1" 200 12841 "https://maconomy-monitoring.mydeltek.com/grafana/d/fegamowv3vsaoem/infra-sre-dashboard?orgId=1&from=now-5m&to=now&refresh=5s&timezone=browser&var-namespace=kube-system&var-pod=aws-load-balancer-controller-7bfbfbfbfc-4mfxc&var-deployment=$__all&var-Filters=" "Mozilla/5.0 (Windows NT 10.0; Win64; x64) AppleWebKit/537.36 (KHTML, like Gecko) Chrome/139.0.0.0 Safari/537.36" 1718 0.047 [observability-kps-grafana-80] [] 10.53.2.143:3000 12862 0.047 200 7068f4258b93f509a8006c611f20c66e
2025/09/04 13:47:03 [warn] 8747#8747: *42603672 a client request body is buffered to a temporary file /tmp/nginx/client-body/0000221463, client: 10.53.200.215, server: maconomy-monitoring.mydeltek.com, request: "POST /prometheus/api/v1/write HTTP/1.1", host: "maconomy-monitoring.mydeltek.com"
10.53.200.215 - - [04/Sep/2025:13:47:03 +0000] "POST /prometheus/api/v1/write HTTP/1.1" 204 0 "-" "Prometheus/3.5.0" 43145 0.009 [observability-kps-kube-prometheus-stack-prometheus-9090] [] 10.53.1.192:9090 0 0.007 204 f7768c35b3fa2bd634dfd7aeb1792088
2025/09/04 13:47:03 [warn] 8747#8747: *42603672 a client request body is buffered to a temporary file /tmp/nginx/client-body/0000221464, client: 10.53.200.215, server: maconomy-monitoring.mydeltek.com, request: "POST /prometheus/api/v1/write HTTP/1.1", host: "maconomy-monitoring.mydeltek.com"
10.53.200.215 - - [04/Sep/2025:13:47:03 +0000] "POST /prometheus/api/v1/write HTTP/1.1" 204 0 "-" "Prometheus/3.5.0" 27584 0.006 [observability-kps-kube-prometheus-stack-prometheus-9090] [] 10.53.1.192:9090 0 0.006 204 ec97575fc59cc99c4421ed596e961658
2025/09/04 13:47:05 [warn] 8747#8747: *42605665 a client request body is buffered to a temporary file /tmp/nginx/client-body/0000221465, client: 10.53.9.150, server: maconomy-monitoring.mydeltek.com, request: "POST /prometheus/api/v1/write HTTP/1.1", host: "maconomy-monitoring.mydeltek.com"
10.53.9.150 - - [04/Sep/2025:13:47:05 +0000] "POST /prometheus/api/v1/write HTTP/1.1" 204 0 "-" "Prometheus/3.5.0" 12525 0.056 [observability-kps-kube-prometheus-stack-prometheus-9090] [] 10.53.1.192:9090 0 0.056 204 6c3fe985a26678afb02272956d4cab61
2025/09/04 13:47:06 [warn] 8747#8747: *42604059 a client request body is buffered to a temporary file /tmp/nginx/client-body/0000221466, client: 10.53.8.214, server: maconomy-monitoring.mydeltek.com, request: "POST /prometheus/api/v1/write HTTP/1.1", host: "maconomy-monitoring.mydeltek.com"
10.53.8.214 - - [04/Sep/2025:13:47:06 +0000] "POST /prometheus/api/v1/write HTTP/1.1" 204 0 "-" "Prometheus/3.5.0" 44407 0.008 [observability-kps-kube-prometheus-stack-prometheus-9090] [] 10.53.1.192:9090 0 0.008 204 dda7950e4287686b2ba1c34784de8916
2025/09/04 13:47:06 [warn] 8747#8747: *42604059 a client request body is buffered to a temporary file /tmp/nginx/client-body/0000221467, client: 10.53.8.214, server: maconomy-monitoring.mydeltek.com, request: "POST /prometheus/api/v1/write HTTP/1.1", host: "maconomy-monitoring.mydeltek.com"
10.53.8.214 - - [04/Sep/2025:13:47:06 +0000] "POST /prometheus/api/v1/write HTTP/1.1" 204 0 "-" "Prometheus/3.5.0" 27669 0.007 [observability-kps-kube-prometheus-stack-prometheus-9090] [] 10.53.1.192:9090 0 0.007 204 0299ec05c835fcef3cad018f0144e305
2025/09/04 13:47:06 [warn] 8747#8747: *42604059 a client request body is buffered to a temporary file /tmp/nginx/client-body/0000221468, client: 10.53.8.214, server: maconomy-monitoring.mydeltek.com, request: "POST /prometheus/api/v1/write HTTP/1.1", host: "maconomy-monitoring.mydeltek.com"
10.53.8.214 - - [04/Sep/2025:13:47:06 +0000] "POST /prometheus/api/v1/write HTTP/1.1" 204 0 "-" "Prometheus/3.5.0" 27232 0.007 [observability-kps-kube-prometheus-stack-prometheus-9090] [] 10.53.1.192:9090 0 0.006 204 b2dd7bc8ebae8239cd867ce161a50a8c
10.247.64.90 - - [04/Sep/2025:13:47:07 +0000] "POST /grafana/api/ds/query?ds_type=prometheus&requestId=SQR148 HTTP/1.1" 200 2754 "https://maconomy-monitoring.mydeltek.com/grafana/d/fegamowv3vsaoem/infra-sre-dashboard?orgId=1&from=now-5m&to=now&refresh=5s&timezone=browser&var-namespace=kube-system&var-pod=aws-load-balancer-controller-7bfbfbfbfc-4mfxc&var-deployment=$__all&var-Filters=" "Mozilla/5.0 (Windows NT 10.0; Win64; x64) AppleWebKit/537.36 (KHTML, like Gecko) Chrome/139.0.0.0 Safari/537.36" 1773 0.070 [observability-kps-grafana-80] [] 10.53.2.143:3000 2761 0.070 200 5e4f8585ba028f4d686058bb87feb585
